#-----------------------------------------------------------
# Vivado v2024.1 (64-bit)
# SW Build 5076996 on Wed May 22 18:37:14 MDT 2024
# IP Build 5075265 on Wed May 22 21:45:21 MDT 2024
# SharedData Build 5076995 on Wed May 22 18:29:18 MDT 2024
# Start of session at: Fri Jan  2 20:44:25 2026
# Process ID: 18572
# Current directory: D:/rit/private/mathworks/fileExchange/simulink-vivado-reference-design/kv260/vivadoSimulinkModel
# Command line: vivado.exe D:\rit\private\mathworks\fileExchange\simulink-vivado-reference-design\kv260\vivadoSimulinkModel\simulink.xpr
# Log file: D:/rit/private/mathworks/fileExchange/simulink-vivado-reference-design/kv260/vivadoSimulinkModel/vivado.log
# Journal file: D:/rit/private/mathworks/fileExchange/simulink-vivado-reference-design/kv260/vivadoSimulinkModel\vivado.jou
# Running On        :dev
# Platform          :Windows Server 2016 or Windows 10
# Operating System  :26100
# Processor Detail  :12th Gen Intel(R) Core(TM) i7-12700
# CPU Frequency     :2112 MHz
# CPU Physical cores:12
# CPU Logical cores :20
# Host memory       :68420 MB
# Swap memory       :4294 MB
# Total Virtual     :72715 MB
# Available Virtual :54605 MB
#-----------------------------------------------------------
start_gui
open_project D:/rit/private/mathworks/fileExchange/simulink-vivado-reference-design/kv260/vivadoSimulinkModel/simulink.xpr
update_compile_order -fileset sources_1
set_property STEPS.WRITE_BITSTREAM.ARGS.BIN_FILE true [get_runs impl_1]
